// Jest Snapshot v1, https://goo.gl/fbAQLP

exports[`Lobby Component renders correctly 1`] = `
<div
  class="lobby mx-auto"
  style="max-width: 800px;"
>
  <div
    class="flex flex-wrap"
  >
    <div
      class="sm:w-1/2 w-full sm:pr-4 sm:mb-0 mb-4"
    >
      <!---->
       
      <p>
        
        The host of this round of "Whose Favourite Song is That?" is
        
        <strong>
          Bar
        </strong>
        .
      
      </p>
       
      <p
        class="text-gray-800"
      >
        Invite your colleagues and wait for them to join the game.
      </p>
       
      <share-stub
        activityinstanceid="123456789"
        elementid="copy-link_lobby"
      />
       
      <h3>
        Your Song:
      </h3>
       
      <!---->
    </div>
     
    <div
      class="sm:w-1/2 w-full sm:pl-4"
    >
      <userslist-stub
        class="mb-4"
        deviceid="789"
        hostid="456"
        users=""
      />
       
      <!---->
       
      <!---->
    </div>
  </div>
</div>
`;
